// Jest Snapshot v1, https://goo.gl/fbAQLP

exports[`<BaseLink /> should have the basic css settings 1`] = `
.c0 {
  box-sizing: border-box;
  -webkit-text-decoration: none;
  text-decoration: none;
  padding: 0;
  color: inherit;
  margin-bottom: 0px;
  margin-left: 0px;
  margin-right: 0px;
  margin-top: 0px;
}

<body>
  <div>
    <a
      class="c0"
      data-color="inherit"
      data-margin-bottom="0px"
      data-margin-left="0px"
      data-margin-right="0px"
      data-margin-top="0px"
    />
  </div>
</body>
`;
