// Jest Snapshot v1, https://goo.gl/fbAQLP

exports[`<Spacing /> should have the basic css settings 1`] = `
.c0 {
  box-sizing: border-box;
  display: -webkit-box;
  display: -webkit-flex;
  display: -ms-flexbox;
  display: flex;
  background-color: transparent;
  margin: 0;
  padding: 0;
  min-height: 0px;
  height: 0px;
  max-height: 0px;
  min-width: 0px;
  width: 0px;
  max-width: 0px;
}

<body>
  <div>
    <div
      class="c0"
      data-height="0px"
      data-width="0px"
    />
  </div>
</body>
`;
